<html>
  <head>
    <meta name="viewport" content="width=device-width, initial-scale=1" />
    <meta http-equiv="Content-Type" content="text/html; charset=UTF-8" />

    <link
      rel="stylesheet"
      href="https://cdn.jsdelivr.net/npm/bootstrap@4.5.3/dist/css/bootstrap.min.css"
      integrity="sha384-TX8t27EcRE3e/ihU7zmQxVncDAy5uIKz4rEkgIXeMed4M0jlfIDPvg6uqKI2xXr2"
      crossorigin="anonymous"
    />
  </head>

  <body>
    <div class="container">{}</div>
  </body>
</html>
